ioman_IMPORTS_start
I_AddDrv
I_DelDrv
ioman_IMPORTS_end

loadcore_IMPORTS_start
I_RegisterLibraryEntries
loadcore_IMPORTS_end

stdio_IMPORTS_start
I_printf
stdio_IMPORTS_end

sysclib_IMPORTS_start
I_memcpy
I_memset
I_memcmp
I_strlen
I_strcmp
I_strncmp
I_strncpy
I_strcpy
I_strchr
I_strstr
I_strcat
sysclib_IMPORTS_end

thbase_IMPORTS_start
I_CreateThread
I_StartThread
I_SleepThread
I_WakeupThread
I_iWakeupThread
I_DelayThread
I_GetThreadId
I_SetAlarm
I_TerminateThread
I_DeleteThread
thbase_IMPORTS_end

thevent_IMPORTS_start
I_ClearEventFlag
I_iClearEventFlag
I_SetEventFlag
I_iSetEventFlag
I_ReferEventFlagStatus
I_iReferEventFlagStatus
I_WaitEventFlag
I_CreateEventFlag
I_DeleteEventFlag
thevent_IMPORTS_end

thsemap_IMPORTS_start
I_CreateSema
I_SignalSema
I_WaitSema
I_DeleteSema
thsemap_IMPORTS_end

sifman_IMPORTS_start
I_sceSifSetDma
I_sceSifDmaStat
sifman_IMPORTS_end

intrman_IMPORTS_start
I_CpuSuspendIntr
I_CpuResumeIntr
I_QueryIntrContext
I_RegisterIntrHandler
I_EnableIntr
I_DisableIntr
I_ReleaseIntrHandler
intrman_IMPORTS_end

sysmem_IMPORTS_start
I_AllocSysMemory
I_FreeSysMemory
I_Kprintf
sysmem_IMPORTS_end
