//---------------------------------------------------------------------------
// File name:   imports.lst
// Description: Used to generate code for IRX function imports
//---------------------------------------------------------------------------

cdvdman_IMPORTS_start
I_sceCdInit
I_sceCdStandby
I_sceCdRead
I_sceCdSeek
I_sceCdGetToc
I_sceCdSearchFile
I_sceCdGetError
I_sceCdSync
I_sceCdGetDiskType
I_sceCdDiskReady
I_sceCdTrayReq
I_sceCdStop
I_sceCdRI
I_sceCdReadClock
I_sceCdStatus
I_sceCdApplySCmd
I_sceCdPause
I_sceCdBreak
I_sceCdSC
I_sceCdApplyNCmd
I_sceCdStInit
I_sceCdStRead
I_sceCdStSeek
I_sceCdStStart
I_sceCdStStat
I_sceCdStStop
I_sceCdReadChain
I_sceCdStPause
I_sceCdStResume
I_sceCdStSeekF
I_sceCdRM
I_sceCdPowerOff
I_sceCdMmode
I_sceCdReadGUID
I_sceCdSetTimeout
I_sceCdReadModelID
I_sceCdReadDvdDualInfo
I_sceCdLayerSearchFile
I_sceCdReadIOPm
cdvdman_IMPORTS_end

intrman_IMPORTS_start
I_CpuSuspendIntr
I_CpuResumeIntr
intrman_IMPORTS_end

loadcore_IMPORTS_start
I_RegisterLibraryEntries
I_QueryLibraryEntryTable
loadcore_IMPORTS_end

sifcmd_IMPORTS_start
I_sceSifRegisterRpc
I_sceSifSetRpcQueue
I_sceSifRpcLoop
I_sceSifRemoveRpc
I_sceSifRemoveRpcQueue
sifcmd_IMPORTS_end

sifman_IMPORTS_start
I_sceSifCheckInit
I_sceSifInit
I_sceSifInitRpc
I_sceSifSetDma
I_sceSifDmaStat
sifman_IMPORTS_end

stdio_IMPORTS_start
I_printf
stdio_IMPORTS_end

sysclib_IMPORTS_start
I_memcmp
I_memset
I_memcpy
sysclib_IMPORTS_end

thbase_IMPORTS_start
I_CreateThread
I_StartThread
I_GetThreadId
I_ExitDeleteThread
I_ChangeThreadPriority
I_DelayThread
I_DeleteThread
I_TerminateThread
thbase_IMPORTS_end

//---------------------------------------------------------------------------
// End of file: imports.lst
//---------------------------------------------------------------------------
